<html>
<body>
<pre>
<h1>µVision Build Log</h1>
<h2>Tool Versions:</h2>
IDE-Version: µVision V5.21.1.0
Copyright (C) 2016 ARM Ltd and ARM Germany GmbH. All rights reserved.
License Information: Stephen Grove, Griffith Uni, LIC=----
 
Tool Versions:
Toolchain:       MDK-Lite  Version: 5.21a
Toolchain Path:  C:\Keil_v5\ARM\ARMCC\Bin
C Compiler:      Armcc.exe V5.06 update 3 (build 300)
Assembler:       Armasm.exe V5.06 update 3 (build 300)
Linker/Locator:  ArmLink.exe V5.06 update 3 (build 300)
Library Manager: ArmAr.exe V5.06 update 3 (build 300)
Hex Converter:   FromElf.exe V5.06 update 3 (build 300)
CPU DLL:         SARMCM3.DLL V5.21a
Dialog DLL:      DCM.DLL V1.13.8.0
Target DLL:      lmidk-agdi.dll V???
Dialog DLL:      TCM.DLL V1.14.14.0
 
<h2>Project:</h2>
C:\Users\Stephen\OneDrive\University\MPT\Assignment\Cproject\Cproject.uvproj
Project File Date:  10/26/2016

<h2>Output:</h2>
*** Using Compiler 'V5.06 update 3 (build 300)', folder: 'C:\Keil_v5\ARM\ARMCC\Bin'
Build target 'Target 1'
compiling main.c...
main.c(158): warning:  #111-D: statement is unreachable
  	return(0);
main.c(165): warning:  #61-D: integer operation result is out of range
  	
PL_RCC2		|= (unsigned long int)(1 << 31);
main.c: 2 warnings, 0 errors
linking...
Program Size: Code=7284 RO-data=32 RW-data=180 ZI-data=1284  
".\Cproject.axf" - 0 Error(s), 2 Warning(s).
Build Time Elapsed:  00:00:00
</pre>
</body>
</html>
