<html>
<body>
<pre>
<h1>µVision Build Log</h1>
<h2>Project:</h2>
C:\Users\s2737419\Desktop\Cproject\Cproject.uvproj
Project File Date:  10/28/2016

<h2>Output:</h2>
Build target 'Target 1'
compiling main.c...
main.c(118): warning:  #111-D: statement is unreachable
main.c(125): warning:  #61-D: integer operation result is out of range
main.c(240): warning:  #61-D: integer operation result is out of range
linking...
Program Size: Code=7032 RO-data=32 RW-data=164 ZI-data=1124  
"Cproject.axf" - 0 Error(s), 3 Warning(s).
Load "C:\\Users\\s2737419\\Desktop\\Cproject\\Cproject.AXF" 
Connecting: Mode=JTAG, Speed=1000000Hz
Erase Done.
Programming Done.
Verify OK.
Build target 'Target 1'
compiling main.c...
main.c(118): warning:  #111-D: statement is unreachable
main.c(125): warning:  #61-D: integer operation result is out of range
main.c(240): warning:  #61-D: integer operation result is out of range
linking...
Program Size: Code=7032 RO-data=32 RW-data=164 ZI-data=1124  
"Cproject.axf" - 0 Error(s), 3 Warning(s).
Load "C:\\Users\\s2737419\\Desktop\\Cproject\\Cproject.AXF" 
Connecting: Mode=JTAG, Speed=1000000Hz
Erase Done.
Programming Done.
Verify OK.
Build target 'Target 1'
compiling main.c...
main.c(118): warning:  #111-D: statement is unreachable
main.c(125): warning:  #61-D: integer operation result is out of range
main.c(240): warning:  #61-D: integer operation result is out of range
linking...
Program Size: Code=7032 RO-data=32 RW-data=164 ZI-data=1124  
"Cproject.axf" - 0 Error(s), 3 Warning(s).
Load "C:\\Users\\s2737419\\Desktop\\Cproject\\Cproject.AXF" 
Connecting: Mode=JTAG, Speed=1000000Hz
Erase Done.
Programming Done.
Verify OK.
Build target 'Target 1'
compiling main.c...
main.c(118): warning:  #111-D: statement is unreachable
main.c(125): warning:  #61-D: integer operation result is out of range
main.c(240): warning:  #61-D: integer operation result is out of range
linking...
Program Size: Code=7032 RO-data=32 RW-data=164 ZI-data=1124  
"Cproject.axf" - 0 Error(s), 3 Warning(s).
Load "C:\\Users\\s2737419\\Desktop\\Cproject\\Cproject.AXF" 
Connecting: Mode=JTAG, Speed=1000000Hz
Erase Done.
Programming Done.
Verify OK.
Build target 'Target 1'
compiling main.c...
main.c(118): warning:  #111-D: statement is unreachable
main.c(125): warning:  #61-D: integer operation result is out of range
main.c(240): warning:  #61-D: integer operation result is out of range
linking...
Program Size: Code=7032 RO-data=32 RW-data=164 ZI-data=1124  
"Cproject.axf" - 0 Error(s), 3 Warning(s).
Build target 'Target 1'
linking...
Program Size: Code=7032 RO-data=32 RW-data=164 ZI-data=1124  
"Cproject.axf" - 0 Error(s), 0 Warning(s).
Load "C:\\Users\\s2737419\\Desktop\\Cproject\\Cproject.AXF" 
Connecting: Mode=JTAG, Speed=1000000Hz
Erase Done.
Programming Done.
Verify OK.
Build target 'Target 1'
compiling main.c...
main.c(118): warning:  #111-D: statement is unreachable
main.c(125): warning:  #61-D: integer operation result is out of range
main.c(240): warning:  #61-D: integer operation result is out of range
linking...
Program Size: Code=7032 RO-data=32 RW-data=164 ZI-data=1124  
"Cproject.axf" - 0 Error(s), 3 Warning(s).
Load "C:\\Users\\s2737419\\Desktop\\Cproject\\Cproject.AXF" 
Connecting: Mode=JTAG, Speed=1000000Hz
Erase Done.
Programming Done.
Verify OK.
Build target 'Target 1'
compiling main.c...
main.c(118): warning:  #111-D: statement is unreachable
main.c(125): warning:  #61-D: integer operation result is out of range
main.c(240): warning:  #61-D: integer operation result is out of range
linking...
Program Size: Code=7032 RO-data=32 RW-data=164 ZI-data=1124  
"Cproject.axf" - 0 Error(s), 3 Warning(s).
Load "C:\\Users\\s2737419\\Desktop\\Cproject\\Cproject.AXF" 
Connecting: Mode=JTAG, Speed=1000000Hz
Erase Done.
Programming Done.
Verify OK.
Build target 'Target 1'
assembling Startup.s...
compiling main.c...
main.c(118): warning:  #111-D: statement is unreachable
main.c(125): warning:  #61-D: integer operation result is out of range
main.c(240): warning:  #61-D: integer operation result is out of range
linking...
Program Size: Code=7032 RO-data=32 RW-data=164 ZI-data=1124  
"Cproject.axf" - 0 Error(s), 3 Warning(s).
