ARM Linker, 4.1 [Build 894] [Evaluation]

==============================================================================

Section Cross References

    startup.o(STACK) refers (Special) to heapauxi.o(.text) for __use_two_region_memory
    startup.o(HEAP) refers (Special) to heapauxi.o(.text) for __use_two_region_memory
    startup.o(RESET) refers (Special) to heapauxi.o(.text) for __use_two_region_memory
    startup.o(RESET) refers to startup.o(STACK) for __initial_sp
    startup.o(RESET) refers to startup.o(.text) for Reset_Handler
    startup.o(RESET) refers to main.o(.text) for UART_ISR
    startup.o(.text) refers (Special) to heapauxi.o(.text) for __use_two_region_memory
    startup.o(.text) refers to __main.o(!!!main) for __main
    startup.o(.text) refers to startup.o(HEAP) for Heap_Mem
    startup.o(.text) refers to startup.o(STACK) for Stack_Mem
    main.o(.text) refers to startup.o(.text) for DisableInterrupts
    main.o(.text) refers to dflt_clz.o(x$fpl$dflt) for __aeabi_i2d
    main.o(.text) refers to daddsub_clz.o(x$fpl$dadd) for __aeabi_dadd
    main.o(.text) refers to daddsub_clz.o(x$fpl$dsub) for __aeabi_dsub
    main.o(.text) refers to ddiv.o(x$fpl$ddiv) for __aeabi_ddiv
    main.o(.text) refers to dmul.o(x$fpl$dmul) for __aeabi_dmul
    main.o(.text) refers to main.o(.data) for j
    main.o(.text) refers to dleqf.o(x$fpl$dleqf) for __aeabi_cdcmple
    main.o(.text) refers to drleqf.o(x$fpl$drleqf) for __aeabi_cdrcmple
    main.o(.text) refers to dfixu.o(x$fpl$dfixu) for __aeabi_d2uiz
    __main.o(!!!main) refers to rtentry.o(.ARM.Collect$$rtentry$$00000000) for __rt_entry
    daddsub_clz.o(x$fpl$dadd) refers (Special) to usenofp.o(x$fpl$usenofp) for __I$use$fp
    daddsub_clz.o(x$fpl$dadd) refers to daddsub_clz.o(x$fpl$dsub) for _dsub1
    daddsub_clz.o(x$fpl$dadd) refers to dretinf.o(x$fpl$dretinf) for __fpl_dretinf
    daddsub_clz.o(x$fpl$dadd) refers to dnaninf.o(x$fpl$dnaninf) for __fpl_dnaninf
    daddsub_clz.o(x$fpl$drsb) refers (Special) to usenofp.o(x$fpl$usenofp) for __I$use$fp
    daddsub_clz.o(x$fpl$drsb) refers to daddsub_clz.o(x$fpl$dadd) for _dadd1
    daddsub_clz.o(x$fpl$drsb) refers to daddsub_clz.o(x$fpl$dsub) for _dsub1
    daddsub_clz.o(x$fpl$dsub) refers (Special) to usenofp.o(x$fpl$usenofp) for __I$use$fp
    daddsub_clz.o(x$fpl$dsub) refers to daddsub_clz.o(x$fpl$dadd) for _dadd1
    daddsub_clz.o(x$fpl$dsub) refers to dnaninf.o(x$fpl$dnaninf) for __fpl_dnaninf
    ddiv.o(x$fpl$drdiv) refers (Special) to usenofp.o(x$fpl$usenofp) for __I$use$fp
    ddiv.o(x$fpl$drdiv) refers to ddiv.o(x$fpl$ddiv) for ddiv_entry
    ddiv.o(x$fpl$ddiv) refers (Special) to usenofp.o(x$fpl$usenofp) for __I$use$fp
    ddiv.o(x$fpl$ddiv) refers to dretinf.o(x$fpl$dretinf) for __fpl_dretinf
    ddiv.o(x$fpl$ddiv) refers to dnaninf.o(x$fpl$dnaninf) for __fpl_dnaninf
    dfixu.o(x$fpl$dfixu) refers (Special) to usenofp.o(x$fpl$usenofp) for __I$use$fp
    dfixu.o(x$fpl$dfixu) refers to dnaninf.o(x$fpl$dnaninf) for __fpl_dnaninf
    dfixu.o(x$fpl$dfixur) refers (Special) to usenofp.o(x$fpl$usenofp) for __I$use$fp
    dfixu.o(x$fpl$dfixur) refers to dnaninf.o(x$fpl$dnaninf) for __fpl_dnaninf
    dflt_clz.o(x$fpl$dfltu) refers (Special) to usenofp.o(x$fpl$usenofp) for __I$use$fp
    dflt_clz.o(x$fpl$dflt) refers (Special) to usenofp.o(x$fpl$usenofp) for __I$use$fp
    dflt_clz.o(x$fpl$dfltn) refers (Special) to usenofp.o(x$fpl$usenofp) for __I$use$fp
    dleqf.o(x$fpl$dleqf) refers (Special) to usenofp.o(x$fpl$usenofp) for __I$use$fp
    dleqf.o(x$fpl$dleqf) refers to dnaninf.o(x$fpl$dnaninf) for __fpl_dnaninf
    dleqf.o(x$fpl$dleqf) refers to dcmpi.o(x$fpl$dcmpinf) for __fpl_dcmp_Inf
    dmul.o(x$fpl$dmul) refers (Special) to usenofp.o(x$fpl$usenofp) for __I$use$fp
    dmul.o(x$fpl$dmul) refers to dretinf.o(x$fpl$dretinf) for __fpl_dretinf
    dmul.o(x$fpl$dmul) refers to dnaninf.o(x$fpl$dnaninf) for __fpl_dnaninf
    drleqf.o(x$fpl$drleqf) refers (Special) to usenofp.o(x$fpl$usenofp) for __I$use$fp
    drleqf.o(x$fpl$drleqf) refers to dleqf.o(x$fpl$dleqf) for __fpl_dcmple_InfNaN
    rtentry.o(.ARM.Collect$$rtentry$$00000000) refers (Special) to rtentry2.o(.ARM.Collect$$rtentry$$0000000A) for __rt_entry_li
    rtentry.o(.ARM.Collect$$rtentry$$00000000) refers (Special) to rtentry2.o(.ARM.Collect$$rtentry$$0000000D) for __rt_entry_main
    rtentry.o(.ARM.Collect$$rtentry$$00000000) refers (Special) to rtentry2.o(.ARM.Collect$$rtentry$$0000000C) for __rt_entry_postli_1
    rtentry.o(.ARM.Collect$$rtentry$$00000000) refers (Special) to rtentry2.o(.ARM.Collect$$rtentry$$00000009) for __rt_entry_postsh_1
    rtentry.o(.ARM.Collect$$rtentry$$00000000) refers (Special) to rtentry2.o(.ARM.Collect$$rtentry$$00000002) for __rt_entry_presh_1
    rtentry.o(.ARM.Collect$$rtentry$$00000000) refers (Special) to rtentry4.o(.ARM.Collect$$rtentry$$00000004) for __rt_entry_sh
    dcmpi.o(x$fpl$dcmpinf) refers (Special) to usenofp.o(x$fpl$usenofp) for __I$use$fp
    dnaninf.o(x$fpl$dnaninf) refers (Special) to usenofp.o(x$fpl$usenofp) for __I$use$fp
    dretinf.o(x$fpl$dretinf) refers (Special) to usenofp.o(x$fpl$usenofp) for __I$use$fp
    rtentry2.o(.ARM.Collect$$rtentry$$00000008) refers to boardinit2.o(.text) for _platform_post_stackheap_init
    rtentry2.o(.ARM.Collect$$rtentry$$0000000A) refers to libinit.o(.ARM.Collect$$libinit$$00000000) for __rt_lib_init
    rtentry2.o(.ARM.Collect$$rtentry$$0000000B) refers to boardinit3.o(.text) for _platform_post_lib_init
    rtentry2.o(.ARM.Collect$$rtentry$$0000000D) refers to main.o(.text) for main
    rtentry2.o(.ARM.Collect$$rtentry$$0000000D) refers to exit.o(.text) for exit
    rtentry2.o(.ARM.exidx) refers to rtentry2.o(.ARM.Collect$$rtentry$$00000001) for .ARM.Collect$$rtentry$$00000001
    rtentry2.o(.ARM.exidx) refers to rtentry2.o(.ARM.Collect$$rtentry$$00000008) for .ARM.Collect$$rtentry$$00000008
    rtentry2.o(.ARM.exidx) refers to rtentry2.o(.ARM.Collect$$rtentry$$0000000A) for .ARM.Collect$$rtentry$$0000000A
    rtentry2.o(.ARM.exidx) refers to rtentry2.o(.ARM.Collect$$rtentry$$0000000B) for .ARM.Collect$$rtentry$$0000000B
    rtentry2.o(.ARM.exidx) refers to rtentry2.o(.ARM.Collect$$rtentry$$0000000D) for .ARM.Collect$$rtentry$$0000000D
    rtentry4.o(.ARM.Collect$$rtentry$$00000004) refers to sys_stackheap_outer.o(.text) for __user_setup_stackheap
    rtentry4.o(.ARM.exidx) refers to rtentry4.o(.ARM.Collect$$rtentry$$00000004) for .ARM.Collect$$rtentry$$00000004
    sys_stackheap_outer.o(.text) refers to libspace.o(.text) for __user_perproc_libspace
    sys_stackheap_outer.o(.text) refers to startup.o(.text) for __user_initial_stackheap
    exit.o(.text) refers to rtexit.o(.ARM.Collect$$rtexit$$00000000) for __rt_exit
    libinit.o(.ARM.Collect$$libinit$$00000000) refers (Special) to libinit2.o(.ARM.Collect$$libinit$$0000002A) for __rt_lib_init_alloca_1
    libinit.o(.ARM.Collect$$libinit$$00000000) refers (Special) to libinit2.o(.ARM.Collect$$libinit$$00000028) for __rt_lib_init_argv_1
    libinit.o(.ARM.Collect$$libinit$$00000000) refers (Special) to libinit2.o(.ARM.Collect$$libinit$$00000017) for __rt_lib_init_atexit_1
    libinit.o(.ARM.Collect$$libinit$$00000000) refers (Special) to libinit2.o(.ARM.Collect$$libinit$$0000001D) for __rt_lib_init_clock_1
    libinit.o(.ARM.Collect$$libinit$$00000000) refers (Special) to libinit2.o(.ARM.Collect$$libinit$$0000002E) for __rt_lib_init_cpp_1
    libinit.o(.ARM.Collect$$libinit$$00000000) refers (Special) to libinit2.o(.ARM.Collect$$libinit$$0000002C) for __rt_lib_init_exceptions_1
    libinit.o(.ARM.Collect$$libinit$$00000000) refers (Special) to libinit2.o(.ARM.Collect$$libinit$$0000001B) for __rt_lib_init_fp_trap_1
    libinit.o(.ARM.Collect$$libinit$$00000000) refers (Special) to libinit2.o(.ARM.Collect$$libinit$$0000001F) for __rt_lib_init_getenv_1
    libinit.o(.ARM.Collect$$libinit$$00000000) refers (Special) to libinit2.o(.ARM.Collect$$libinit$$00000006) for __rt_lib_init_heap_1
    libinit.o(.ARM.Collect$$libinit$$00000000) refers (Special) to libinit2.o(.ARM.Collect$$libinit$$0000000D) for __rt_lib_init_lc_collate_1
    libinit.o(.ARM.Collect$$libinit$$00000000) refers (Special) to libinit2.o(.ARM.Collect$$libinit$$0000000F) for __rt_lib_init_lc_ctype_1
    libinit.o(.ARM.Collect$$libinit$$00000000) refers (Special) to libinit2.o(.ARM.Collect$$libinit$$00000011) for __rt_lib_init_lc_monetary_1
    libinit.o(.ARM.Collect$$libinit$$00000000) refers (Special) to libinit2.o(.ARM.Collect$$libinit$$00000013) for __rt_lib_init_lc_numeric_1
    libinit.o(.ARM.Collect$$libinit$$00000000) refers (Special) to libinit2.o(.ARM.Collect$$libinit$$00000015) for __rt_lib_init_lc_time_1
    libinit.o(.ARM.Collect$$libinit$$00000000) refers (Special) to libinit2.o(.ARM.Collect$$libinit$$0000000A) for __rt_lib_init_rand_1
    libinit.o(.ARM.Collect$$libinit$$00000000) refers (Special) to libinit2.o(.ARM.Collect$$libinit$$0000002F) for __rt_lib_init_return
    libinit.o(.ARM.Collect$$libinit$$00000000) refers (Special) to libinit2.o(.ARM.Collect$$libinit$$00000019) for __rt_lib_init_signal_1
    libinit.o(.ARM.Collect$$libinit$$00000000) refers (Special) to libinit2.o(.ARM.Collect$$libinit$$00000021) for __rt_lib_init_stdio_1
    libinit.o(.ARM.Collect$$libinit$$00000000) refers (Special) to libinit2.o(.ARM.Collect$$libinit$$00000008) for __rt_lib_init_user_alloc_1
    libinit.o(.ARM.Collect$$libinit$$00000000) refers to fpinit.o(x$fpl$fpinit) for _fp_init
    libspace.o(.text) refers to libspace.o(.bss) for __libspace_start
    rtexit.o(.ARM.Collect$$rtexit$$00000000) refers (Special) to rtexit2.o(.ARM.Collect$$rtexit$$00000004) for __rt_exit_exit
    rtexit.o(.ARM.Collect$$rtexit$$00000000) refers (Special) to rtexit2.o(.ARM.Collect$$rtexit$$00000003) for __rt_exit_ls
    rtexit.o(.ARM.Collect$$rtexit$$00000000) refers (Special) to rtexit2.o(.ARM.Collect$$rtexit$$00000002) for __rt_exit_prels_1
    rtexit.o(.ARM.exidx) refers (Special) to rtexit2.o(.ARM.Collect$$rtexit$$00000004) for __rt_exit_exit
    rtexit.o(.ARM.exidx) refers (Special) to rtexit2.o(.ARM.Collect$$rtexit$$00000003) for __rt_exit_ls
    rtexit.o(.ARM.exidx) refers (Special) to rtexit2.o(.ARM.Collect$$rtexit$$00000002) for __rt_exit_prels_1
    rtexit.o(.ARM.exidx) refers to rtexit.o(.ARM.Collect$$rtexit$$00000000) for .ARM.Collect$$rtexit$$00000000
    libinit2.o(.ARM.Collect$$libinit$$0000000C) refers to libinit2.o(.ARM.Collect$$libinit$$0000000B) for .ARM.Collect$$libinit$$0000000B
    libinit2.o(.ARM.Collect$$libinit$$0000000E) refers to libinit2.o(.ARM.Collect$$libinit$$0000000B) for .ARM.Collect$$libinit$$0000000B
    libinit2.o(.ARM.Collect$$libinit$$00000010) refers to libinit2.o(.ARM.Collect$$libinit$$0000000B) for .ARM.Collect$$libinit$$0000000B
    libinit2.o(.ARM.Collect$$libinit$$00000012) refers to libinit2.o(.ARM.Collect$$libinit$$0000000B) for .ARM.Collect$$libinit$$0000000B
    libinit2.o(.ARM.Collect$$libinit$$00000014) refers to libinit2.o(.ARM.Collect$$libinit$$0000000B) for .ARM.Collect$$libinit$$0000000B
    libinit2.o(.ARM.Collect$$libinit$$00000022) refers to argv_veneer.o(.emb_text) for __ARM_argv_veneer
    libinit2.o(.ARM.Collect$$libinit$$00000023) refers to argv_veneer.o(.emb_text) for __ARM_argv_veneer
    rtexit2.o(.ARM.Collect$$rtexit$$00000003) refers to libshutdown.o(.ARM.Collect$$libshutdown$$00000000) for __rt_lib_shutdown
    rtexit2.o(.ARM.Collect$$rtexit$$00000004) refers to sys_exit.o(.text) for _sys_exit
    rtexit2.o(.ARM.exidx) refers to rtexit2.o(.ARM.Collect$$rtexit$$00000001) for .ARM.Collect$$rtexit$$00000001
    rtexit2.o(.ARM.exidx) refers to rtexit2.o(.ARM.Collect$$rtexit$$00000003) for .ARM.Collect$$rtexit$$00000003
    rtexit2.o(.ARM.exidx) refers to rtexit2.o(.ARM.Collect$$rtexit$$00000004) for .ARM.Collect$$rtexit$$00000004
    argv_veneer.o(.emb_text) refers to no_argv.o(.text) for __ARM_get_argv
    sys_exit.o(.text) refers (Special) to use_no_semi.o(.text) for __I$use$semihosting
    sys_exit.o(.text) refers (Special) to indicate_semi.o(.text) for __semihosting_library_function
    _get_argv_nomalloc.o(.text) refers (Special) to hrguard.o(.text) for __heap_region$guard
    _get_argv_nomalloc.o(.text) refers to defsig_rtmem_outer.o(.text) for __rt_SIGRTMEM
    _get_argv_nomalloc.o(.text) refers to sys_command.o(.text) for _sys_command_string
    libshutdown.o(.ARM.Collect$$libshutdown$$00000000) refers (Special) to libshutdown2.o(.ARM.Collect$$libshutdown$$00000006) for __rt_lib_shutdown_fp_trap_1
    libshutdown.o(.ARM.Collect$$libshutdown$$00000000) refers (Special) to libshutdown2.o(.ARM.Collect$$libshutdown$$0000000E) for __rt_lib_shutdown_heap_1
    libshutdown.o(.ARM.Collect$$libshutdown$$00000000) refers (Special) to libshutdown2.o(.ARM.Collect$$libshutdown$$0000000F) for __rt_lib_shutdown_return
    libshutdown.o(.ARM.Collect$$libshutdown$$00000000) refers (Special) to libshutdown2.o(.ARM.Collect$$libshutdown$$00000009) for __rt_lib_shutdown_signal_1
    libshutdown.o(.ARM.Collect$$libshutdown$$00000000) refers (Special) to libshutdown2.o(.ARM.Collect$$libshutdown$$00000003) for __rt_lib_shutdown_stdio_1
    libshutdown.o(.ARM.Collect$$libshutdown$$00000000) refers (Special) to libshutdown2.o(.ARM.Collect$$libshutdown$$0000000B) for __rt_lib_shutdown_user_alloc_1
    sys_command.o(.text) refers (Special) to use_no_semi.o(.text) for __I$use$semihosting
    sys_command.o(.text) refers (Special) to indicate_semi.o(.text) for __semihosting_library_function
    defsig_rtmem_outer.o(.text) refers to defsig_rtmem_inner.o(.text) for __rt_SIGRTMEM_inner
    defsig_rtmem_outer.o(.text) refers to defsig_exit.o(.text) for __sig_exit
    defsig_rtmem_formal.o(.text) refers to rt_raise.o(.text) for __rt_raise
    rt_raise.o(.text) refers to __raise.o(.text) for __raise
    rt_raise.o(.text) refers to sys_exit.o(.text) for _sys_exit
    defsig_exit.o(.text) refers to sys_exit.o(.text) for _sys_exit
    defsig_rtmem_inner.o(.text) refers to defsig_general.o(.text) for __default_signal_display
    __raise.o(.text) refers to defsig.o(CL$$defsig) for __default_signal_handler
    defsig_general.o(.text) refers to sys_wrch.o(.text) for _ttywrch
    sys_wrch.o(.text) refers (Special) to use_no_semi.o(.text) for __I$use$semihosting
    sys_wrch.o(.text) refers (Special) to indicate_semi.o(.text) for __semihosting_library_function
    defsig.o(CL$$defsig) refers to defsig_rtmem_inner.o(.text) for __rt_SIGRTMEM_inner
    defsig_abrt_inner.o(.text) refers to defsig_general.o(.text) for __default_signal_display
    defsig_fpe_inner.o(.text) refers to defsig_general.o(.text) for __default_signal_display
    defsig_rtred_inner.o(.text) refers to defsig_general.o(.text) for __default_signal_display
    defsig_stak_inner.o(.text) refers to defsig_general.o(.text) for __default_signal_display
    defsig_pvfn_inner.o(.text) refers to defsig_general.o(.text) for __default_signal_display
    defsig_cppl_inner.o(.text) refers to defsig_general.o(.text) for __default_signal_display
    defsig_segv_inner.o(.text) refers to defsig_general.o(.text) for __default_signal_display
    defsig_other.o(.text) refers to defsig_general.o(.text) for __default_signal_display


==============================================================================

Image Symbol Table

    Local Symbols

    Symbol Name                              Value     Ov Type        Size  Object(Section)

    RESET                                    0x00000000   Section      620  startup.o(RESET)
    ../../angel/boardlib.s                   0x00000000   Number         0  boardinit1.o ABSOLUTE
    ../../angel/boardlib.s                   0x00000000   Number         0  boardinit3.o ABSOLUTE
    ../../angel/boardlib.s                   0x00000000   Number         0  boardinit2.o ABSOLUTE
    ../../angel/boardlib.s                   0x00000000   Number         0  boardshut.o ABSOLUTE
    ../../angel/handlers.s                   0x00000000   Number         0  __scatter_zi.o ABSOLUTE
    ../../angel/handlers.s                   0x00000000   Number         0  __scatter_copy.o ABSOLUTE
    ../../angel/kernel.s                     0x00000000   Number         0  rtentry.o ABSOLUTE
    ../../angel/kernel.s                     0x00000000   Number         0  rtentry2.o ABSOLUTE
    ../../angel/kernel.s                     0x00000000   Number         0  rtentry4.o ABSOLUTE
    ../../angel/kernel.s                     0x00000000   Number         0  rtexit2.o ABSOLUTE
    ../../angel/kernel.s                     0x00000000   Number         0  rtexit.o ABSOLUTE
    ../../angel/rt.s                         0x00000000   Number         0  rt_raise.o ABSOLUTE
    ../../angel/scatter.s                    0x00000000   Number         0  __scatter.o ABSOLUTE
    ../../angel/startup.s                    0x00000000   Number         0  __main.o ABSOLUTE
    ../../angel/sys.s                        0x00000000   Number         0  indicate_semi.o ABSOLUTE
    ../../angel/sys.s                        0x00000000   Number         0  libspace.o ABSOLUTE
    ../../angel/sys.s                        0x00000000   Number         0  use_no_semi.o ABSOLUTE
    ../../angel/sys.s                        0x00000000   Number         0  sys_stackheap_outer.o ABSOLUTE
    ../../angel/sysapp.c                     0x00000000   Number         0  sys_exit.o ABSOLUTE
    ../../angel/sysapp.c                     0x00000000   Number         0  sys_command.o ABSOLUTE
    ../../angel/sysapp.c                     0x00000000   Number         0  sys_wrch.o ABSOLUTE
    ../../armsys.c                           0x00000000   Number         0  no_argv.o ABSOLUTE
    ../../armsys.c                           0x00000000   Number         0  argv_veneer.o ABSOLUTE
    ../../armsys.c                           0x00000000   Number         0  argv_veneer.o ABSOLUTE
    ../../armsys.c                           0x00000000   Number         0  _get_argv_nomalloc.o ABSOLUTE
    ../../daddsub.s                          0x00000000   Number         0  daddsub_clz.o ABSOLUTE
    ../../dcmpi.s                            0x00000000   Number         0  dcmpi.o ABSOLUTE
    ../../ddiv.s                             0x00000000   Number         0  ddiv.o ABSOLUTE
    ../../dfixu.s                            0x00000000   Number         0  dfixu.o ABSOLUTE
    ../../dflt.s                             0x00000000   Number         0  dflt_clz.o ABSOLUTE
    ../../dleqf.s                            0x00000000   Number         0  dleqf.o ABSOLUTE
    ../../dmul.s                             0x00000000   Number         0  dmul.o ABSOLUTE
    ../../dnaninf.s                          0x00000000   Number         0  dnaninf.o ABSOLUTE
    ../../dretinf.s                          0x00000000   Number         0  dretinf.o ABSOLUTE
    ../../drleqf.s                           0x00000000   Number         0  drleqf.o ABSOLUTE
    ../../fpinit.s                           0x00000000   Number         0  fpinit.o ABSOLUTE
    ../../heapalloc.c                        0x00000000   Number         0  hrguard.o ABSOLUTE
    ../../heapaux.c                          0x00000000   Number         0  heapauxi.o ABSOLUTE
    ../../libinit.s                          0x00000000   Number         0  libshutdown2.o ABSOLUTE
    ../../libinit.s                          0x00000000   Number         0  libinit2.o ABSOLUTE
    ../../libinit.s                          0x00000000   Number         0  libinit.o ABSOLUTE
    ../../libinit.s                          0x00000000   Number         0  libshutdown.o ABSOLUTE
    ../../signal.c                           0x00000000   Number         0  defsig_rtmem_formal.o ABSOLUTE
    ../../signal.c                           0x00000000   Number         0  __raise.o ABSOLUTE
    ../../signal.c                           0x00000000   Number         0  defsig_general.o ABSOLUTE
    ../../signal.c                           0x00000000   Number         0  defsig_rtmem_inner.o ABSOLUTE
    ../../signal.c                           0x00000000   Number         0  defsig_abrt_inner.o ABSOLUTE
    ../../signal.c                           0x00000000   Number         0  defsig_fpe_inner.o ABSOLUTE
    ../../signal.c                           0x00000000   Number         0  defsig_stak_inner.o ABSOLUTE
    ../../signal.c                           0x00000000   Number         0  defsig_exit.o ABSOLUTE
    ../../signal.c                           0x00000000   Number         0  defsig_cppl_inner.o ABSOLUTE
    ../../signal.c                           0x00000000   Number         0  defsig_segv_inner.o ABSOLUTE
    ../../signal.c                           0x00000000   Number         0  defsig_other.o ABSOLUTE
    ../../signal.c                           0x00000000   Number         0  defsig_rtmem_outer.o ABSOLUTE
    ../../signal.c                           0x00000000   Number         0  defsig_rtred_inner.o ABSOLUTE
    ../../signal.c                           0x00000000   Number         0  defsig_pvfn_inner.o ABSOLUTE
    ../../signal.s                           0x00000000   Number         0  defsig.o ABSOLUTE
    ../../stdlib.c                           0x00000000   Number         0  exit.o ABSOLUTE
    ../../usenofp.s                          0x00000000   Number         0  usenofp.o ABSOLUTE
    Startup.s                                0x00000000   Number         0  startup.o ABSOLUTE
    dc.s                                     0x00000000   Number         0  dc.o ABSOLUTE
    main.c                                   0x00000000   Number         0  main.o ABSOLUTE
    !!!main                                  0x0000026c   Section        8  __main.o(!!!main)
    !!!scatter                               0x00000274   Section       52  __scatter.o(!!!scatter)
    !!handler_copy                           0x000002a8   Section       26  __scatter_copy.o(!!handler_copy)
    !!handler_zi                             0x000002c4   Section       28  __scatter_zi.o(!!handler_zi)
    .ARM.Collect$$libinit$$00000000          0x000002e0   Section        6  libinit.o(.ARM.Collect$$libinit$$00000000)
    .ARM.Collect$$libinit$$00000006          0x000002e6   Section        0  libinit2.o(.ARM.Collect$$libinit$$00000006)
    .ARM.Collect$$libinit$$00000008          0x000002e6   Section        0  libinit2.o(.ARM.Collect$$libinit$$00000008)
    .ARM.Collect$$libinit$$0000000A          0x000002e6   Section        0  libinit2.o(.ARM.Collect$$libinit$$0000000A)
    .ARM.Collect$$libinit$$0000000D          0x000002e6   Section        0  libinit2.o(.ARM.Collect$$libinit$$0000000D)
    .ARM.Collect$$libinit$$0000000F          0x000002e6   Section        0  libinit2.o(.ARM.Collect$$libinit$$0000000F)
    .ARM.Collect$$libinit$$00000011          0x000002e6   Section        0  libinit2.o(.ARM.Collect$$libinit$$00000011)
    .ARM.Collect$$libinit$$00000013          0x000002e6   Section        0  libinit2.o(.ARM.Collect$$libinit$$00000013)
    .ARM.Collect$$libinit$$00000015          0x000002e6   Section        0  libinit2.o(.ARM.Collect$$libinit$$00000015)
    .ARM.Collect$$libinit$$00000017          0x000002e6   Section        0  libinit2.o(.ARM.Collect$$libinit$$00000017)
    .ARM.Collect$$libinit$$00000019          0x000002e6   Section        0  libinit2.o(.ARM.Collect$$libinit$$00000019)
    .ARM.Collect$$libinit$$0000001B          0x000002e6   Section        0  libinit2.o(.ARM.Collect$$libinit$$0000001B)
    .ARM.Collect$$libinit$$0000001D          0x000002e6   Section        0  libinit2.o(.ARM.Collect$$libinit$$0000001D)
    .ARM.Collect$$libinit$$0000001F          0x000002e6   Section        0  libinit2.o(.ARM.Collect$$libinit$$0000001F)
    .ARM.Collect$$libinit$$00000021          0x000002e6   Section        0  libinit2.o(.ARM.Collect$$libinit$$00000021)
    .ARM.Collect$$libinit$$00000028          0x000002e6   Section        0  libinit2.o(.ARM.Collect$$libinit$$00000028)
    .ARM.Collect$$libinit$$0000002A          0x000002e6   Section        0  libinit2.o(.ARM.Collect$$libinit$$0000002A)
    .ARM.Collect$$libinit$$0000002C          0x000002e6   Section        0  libinit2.o(.ARM.Collect$$libinit$$0000002C)
    .ARM.Collect$$libinit$$0000002E          0x000002e6   Section        0  libinit2.o(.ARM.Collect$$libinit$$0000002E)
    .ARM.Collect$$libinit$$0000002F          0x000002e6   Section        2  libinit2.o(.ARM.Collect$$libinit$$0000002F)
    .ARM.Collect$$libshutdown$$00000000      0x000002e8   Section        2  libshutdown.o(.ARM.Collect$$libshutdown$$00000000)
    .ARM.Collect$$libshutdown$$00000003      0x000002ea   Section        0  libshutdown2.o(.ARM.Collect$$libshutdown$$00000003)
    .ARM.Collect$$libshutdown$$00000006      0x000002ea   Section        0  libshutdown2.o(.ARM.Collect$$libshutdown$$00000006)
    .ARM.Collect$$libshutdown$$00000009      0x000002ea   Section        0  libshutdown2.o(.ARM.Collect$$libshutdown$$00000009)
    .ARM.Collect$$libshutdown$$0000000B      0x000002ea   Section        0  libshutdown2.o(.ARM.Collect$$libshutdown$$0000000B)
    .ARM.Collect$$libshutdown$$0000000E      0x000002ea   Section        0  libshutdown2.o(.ARM.Collect$$libshutdown$$0000000E)
    .ARM.Collect$$libshutdown$$0000000F      0x000002ea   Section        2  libshutdown2.o(.ARM.Collect$$libshutdown$$0000000F)
    .ARM.Collect$$rtentry$$00000000          0x000002ec   Section        0  rtentry.o(.ARM.Collect$$rtentry$$00000000)
    .ARM.Collect$$rtentry$$00000002          0x000002ec   Section        0  rtentry2.o(.ARM.Collect$$rtentry$$00000002)
    .ARM.Collect$$rtentry$$00000004          0x000002ec   Section        6  rtentry4.o(.ARM.Collect$$rtentry$$00000004)
    .ARM.Collect$$rtentry$$00000009          0x000002f2   Section        0  rtentry2.o(.ARM.Collect$$rtentry$$00000009)
    .ARM.Collect$$rtentry$$0000000A          0x000002f2   Section        4  rtentry2.o(.ARM.Collect$$rtentry$$0000000A)
    .ARM.Collect$$rtentry$$0000000C          0x000002f6   Section        0  rtentry2.o(.ARM.Collect$$rtentry$$0000000C)
    .ARM.Collect$$rtentry$$0000000D          0x000002f6   Section        8  rtentry2.o(.ARM.Collect$$rtentry$$0000000D)
    .ARM.Collect$$rtexit$$00000000           0x000002fe   Section        2  rtexit.o(.ARM.Collect$$rtexit$$00000000)
    .ARM.Collect$$rtexit$$00000002           0x00000300   Section        0  rtexit2.o(.ARM.Collect$$rtexit$$00000002)
    .ARM.Collect$$rtexit$$00000003           0x00000300   Section        4  rtexit2.o(.ARM.Collect$$rtexit$$00000003)
    .ARM.Collect$$rtexit$$00000004           0x00000304   Section        6  rtexit2.o(.ARM.Collect$$rtexit$$00000004)
    .text                                    0x0000030c   Section       88  startup.o(.text)
    $v0                                      0x0000030c   Number         0  startup.o(.text)
    .text                                    0x00000364   Section        0  main.o(.text)
    .text                                    0x000011a4   Section        0  heapauxi.o(.text)
    .text                                    0x000011aa   Section       74  sys_stackheap_outer.o(.text)
    .text                                    0x000011f4   Section        0  exit.o(.text)
    .text                                    0x00001200   Section        8  libspace.o(.text)
    .text                                    0x00001208   Section        0  sys_exit.o(.text)
    .text                                    0x00001214   Section        2  use_no_semi.o(.text)
    .text                                    0x00001216   Section        0  indicate_semi.o(.text)
    x$fpl$dadd                               0x00001218   Section      336  daddsub_clz.o(x$fpl$dadd)
    $v0                                      0x00001218   Number         0  daddsub_clz.o(x$fpl$dadd)
    _dadd1                                   0x00001229   Thumb Code     0  daddsub_clz.o(x$fpl$dadd)
    x$fpl$dcmpinf                            0x00001368   Section       24  dcmpi.o(x$fpl$dcmpinf)
    $v0                                      0x00001368   Number         0  dcmpi.o(x$fpl$dcmpinf)
    x$fpl$ddiv                               0x00001380   Section      688  ddiv.o(x$fpl$ddiv)
    $v0                                      0x00001380   Number         0  ddiv.o(x$fpl$ddiv)
    ddiv_entry                               0x00001387   Thumb Code     0  ddiv.o(x$fpl$ddiv)
    x$fpl$dfixu                              0x00001630   Section       90  dfixu.o(x$fpl$dfixu)
    $v0                                      0x00001630   Number         0  dfixu.o(x$fpl$dfixu)
    x$fpl$dflt                               0x0000168a   Section       46  dflt_clz.o(x$fpl$dflt)
    $v0                                      0x0000168a   Number         0  dflt_clz.o(x$fpl$dflt)
    x$fpl$dleqf                              0x000016b8   Section      120  dleqf.o(x$fpl$dleqf)
    $v0                                      0x000016b8   Number         0  dleqf.o(x$fpl$dleqf)
    x$fpl$dmul                               0x00001730   Section      340  dmul.o(x$fpl$dmul)
    $v0                                      0x00001730   Number         0  dmul.o(x$fpl$dmul)
    x$fpl$dnaninf                            0x00001884   Section      156  dnaninf.o(x$fpl$dnaninf)
    $v0                                      0x00001884   Number         0  dnaninf.o(x$fpl$dnaninf)
    x$fpl$dretinf                            0x00001920   Section       12  dretinf.o(x$fpl$dretinf)
    $v0                                      0x00001920   Number         0  dretinf.o(x$fpl$dretinf)
    x$fpl$drleqf                             0x0000192c   Section      108  drleqf.o(x$fpl$drleqf)
    $v0                                      0x0000192c   Number         0  drleqf.o(x$fpl$drleqf)
    x$fpl$dsub                               0x00001998   Section      468  daddsub_clz.o(x$fpl$dsub)
    $v0                                      0x00001998   Number         0  daddsub_clz.o(x$fpl$dsub)
    _dsub1                                   0x000019a9   Thumb Code     0  daddsub_clz.o(x$fpl$dsub)
    x$fpl$fpinit                             0x00001b6c   Section       10  fpinit.o(x$fpl$fpinit)
    $v0                                      0x00001b6c   Number         0  fpinit.o(x$fpl$fpinit)
    x$fpl$usenofp                            0x00001b76   Section        0  usenofp.o(x$fpl$usenofp)
    .data                                    0x20000000   Section      164  main.o(.data)
    .bss                                     0x200000a4   Section       96  libspace.o(.bss)
    HEAP                                     0x20000108   Section        0  startup.o(HEAP)
    STACK                                    0x20000108   Section     1024  startup.o(STACK)
    Heap_Mem                                 0x20000108   Data           0  startup.o(HEAP)
    Stack_Mem                                0x20000108   Data        1024  startup.o(STACK)
    __initial_sp                             0x20000508   Data           0  startup.o(STACK)

    Global Symbols

    Symbol Name                              Value     Ov Type        Size  Object(Section)

    BuildAttributes$$THM_ISAv4$E$P$D$K$B$S$7EM$VFPi3$EXTD16$VFPS$VFMA$PE$A:L22UL41UL21$X:L11$S22US41US21$IEEE1$IW$USESV6$~STKCKD$USESV7$~SHL$OSPACE$ROPI$EBA8$UX$STANDARDLIB$REQ8$PRES8$EABIv2 0x00000000   Number         0  anon$$obj.o ABSOLUTE
    __ARM_use_no_argv                        0x00000000   Number         0  main.o ABSOLUTE
    __Vectors                                0x00000000   Data           0  startup.o(RESET)
    __ARM_exceptions_init                     - Undefined Weak Reference
    __alloca_initialize                       - Undefined Weak Reference
    __cpp_initialize__aeabi_                  - Undefined Weak Reference
    __cxa_finalize                            - Undefined Weak Reference
    __rt_locale                               - Undefined Weak Reference
    __sigvec_lookup                           - Undefined Weak Reference
    _atexit_init                              - Undefined Weak Reference
    _call_atexit_fns                          - Undefined Weak Reference
    _clock_init                               - Undefined Weak Reference
    _fp_trap_init                             - Undefined Weak Reference
    _fp_trap_shutdown                         - Undefined Weak Reference
    _get_lc_collate                           - Undefined Weak Reference
    _get_lc_ctype                             - Undefined Weak Reference
    _get_lc_monetary                          - Undefined Weak Reference
    _get_lc_numeric                           - Undefined Weak Reference
    _get_lc_time                              - Undefined Weak Reference
    _getenv_init                              - Undefined Weak Reference
    _handle_redirection                       - Undefined Weak Reference
    _init_alloc                               - Undefined Weak Reference
    _init_user_alloc                          - Undefined Weak Reference
    _initio                                   - Undefined Weak Reference
    _rand_init                                - Undefined Weak Reference
    _signal_finish                            - Undefined Weak Reference
    _signal_init                              - Undefined Weak Reference
    _terminate_alloc                          - Undefined Weak Reference
    _terminate_user_alloc                     - Undefined Weak Reference
    _terminateio                              - Undefined Weak Reference
    __Vectors_End                            0x0000026c   Data           0  startup.o(RESET)
    __Vectors_Size                           0x0000026c   Number         0  startup.o ABSOLUTE
    __main                                   0x0000026d   Thumb Code     8  __main.o(!!!main)
    __scatterload                            0x00000275   Thumb Code     0  __scatter.o(!!!scatter)
    __scatterload_rt2                        0x00000275   Thumb Code    44  __scatter.o(!!!scatter)
    __scatterload_rt2_thumb_only             0x00000275   Thumb Code     0  __scatter.o(!!!scatter)
    __scatterload_null                       0x00000283   Thumb Code     0  __scatter.o(!!!scatter)
    __scatterload_copy                       0x000002a9   Thumb Code    26  __scatter_copy.o(!!handler_copy)
    __scatterload_zeroinit                   0x000002c5   Thumb Code    28  __scatter_zi.o(!!handler_zi)
    __rt_lib_init                            0x000002e1   Thumb Code     0  libinit.o(.ARM.Collect$$libinit$$00000000)
    __rt_lib_init_alloca_1                   0x000002e7   Thumb Code     0  libinit2.o(.ARM.Collect$$libinit$$0000002A)
    __rt_lib_init_argv_1                     0x000002e7   Thumb Code     0  libinit2.o(.ARM.Collect$$libinit$$00000028)
    __rt_lib_init_atexit_1                   0x000002e7   Thumb Code     0  libinit2.o(.ARM.Collect$$libinit$$00000017)
    __rt_lib_init_clock_1                    0x000002e7   Thumb Code     0  libinit2.o(.ARM.Collect$$libinit$$0000001D)
    __rt_lib_init_cpp_1                      0x000002e7   Thumb Code     0  libinit2.o(.ARM.Collect$$libinit$$0000002E)
    __rt_lib_init_exceptions_1               0x000002e7   Thumb Code     0  libinit2.o(.ARM.Collect$$libinit$$0000002C)
    __rt_lib_init_fp_trap_1                  0x000002e7   Thumb Code     0  libinit2.o(.ARM.Collect$$libinit$$0000001B)
    __rt_lib_init_getenv_1                   0x000002e7   Thumb Code     0  libinit2.o(.ARM.Collect$$libinit$$0000001F)
    __rt_lib_init_heap_1                     0x000002e7   Thumb Code     0  libinit2.o(.ARM.Collect$$libinit$$00000006)
    __rt_lib_init_lc_collate_1               0x000002e7   Thumb Code     0  libinit2.o(.ARM.Collect$$libinit$$0000000D)
    __rt_lib_init_lc_ctype_1                 0x000002e7   Thumb Code     0  libinit2.o(.ARM.Collect$$libinit$$0000000F)
    __rt_lib_init_lc_monetary_1              0x000002e7   Thumb Code     0  libinit2.o(.ARM.Collect$$libinit$$00000011)
    __rt_lib_init_lc_numeric_1               0x000002e7   Thumb Code     0  libinit2.o(.ARM.Collect$$libinit$$00000013)
    __rt_lib_init_lc_time_1                  0x000002e7   Thumb Code     0  libinit2.o(.ARM.Collect$$libinit$$00000015)
    __rt_lib_init_rand_1                     0x000002e7   Thumb Code     0  libinit2.o(.ARM.Collect$$libinit$$0000000A)
    __rt_lib_init_return                     0x000002e7   Thumb Code     0  libinit2.o(.ARM.Collect$$libinit$$0000002F)
    __rt_lib_init_signal_1                   0x000002e7   Thumb Code     0  libinit2.o(.ARM.Collect$$libinit$$00000019)
    __rt_lib_init_stdio_1                    0x000002e7   Thumb Code     0  libinit2.o(.ARM.Collect$$libinit$$00000021)
    __rt_lib_init_user_alloc_1               0x000002e7   Thumb Code     0  libinit2.o(.ARM.Collect$$libinit$$00000008)
    __rt_lib_shutdown                        0x000002e9   Thumb Code     0  libshutdown.o(.ARM.Collect$$libshutdown$$00000000)
    __rt_lib_shutdown_fp_trap_1              0x000002eb   Thumb Code     0  libshutdown2.o(.ARM.Collect$$libshutdown$$00000006)
    __rt_lib_shutdown_heap_1                 0x000002eb   Thumb Code     0  libshutdown2.o(.ARM.Collect$$libshutdown$$0000000E)
    __rt_lib_shutdown_return                 0x000002eb   Thumb Code     0  libshutdown2.o(.ARM.Collect$$libshutdown$$0000000F)
    __rt_lib_shutdown_signal_1               0x000002eb   Thumb Code     0  libshutdown2.o(.ARM.Collect$$libshutdown$$00000009)
    __rt_lib_shutdown_stdio_1                0x000002eb   Thumb Code     0  libshutdown2.o(.ARM.Collect$$libshutdown$$00000003)
    __rt_lib_shutdown_user_alloc_1           0x000002eb   Thumb Code     0  libshutdown2.o(.ARM.Collect$$libshutdown$$0000000B)
    __rt_entry                               0x000002ed   Thumb Code     0  rtentry.o(.ARM.Collect$$rtentry$$00000000)
    __rt_entry_presh_1                       0x000002ed   Thumb Code     0  rtentry2.o(.ARM.Collect$$rtentry$$00000002)
    __rt_entry_sh                            0x000002ed   Thumb Code     0  rtentry4.o(.ARM.Collect$$rtentry$$00000004)
    __rt_entry_li                            0x000002f3   Thumb Code     0  rtentry2.o(.ARM.Collect$$rtentry$$0000000A)
    __rt_entry_postsh_1                      0x000002f3   Thumb Code     0  rtentry2.o(.ARM.Collect$$rtentry$$00000009)
    __rt_entry_main                          0x000002f7   Thumb Code     0  rtentry2.o(.ARM.Collect$$rtentry$$0000000D)
    __rt_entry_postli_1                      0x000002f7   Thumb Code     0  rtentry2.o(.ARM.Collect$$rtentry$$0000000C)
    __rt_exit                                0x000002ff   Thumb Code     0  rtexit.o(.ARM.Collect$$rtexit$$00000000)
    __rt_exit_ls                             0x00000301   Thumb Code     0  rtexit2.o(.ARM.Collect$$rtexit$$00000003)
    __rt_exit_prels_1                        0x00000301   Thumb Code     0  rtexit2.o(.ARM.Collect$$rtexit$$00000002)
    __rt_exit_exit                           0x00000305   Thumb Code     0  rtexit2.o(.ARM.Collect$$rtexit$$00000004)
    Reset_Handler                            0x0000030d   Thumb Code     0  startup.o(.text)
    NMI_Handler                              0x00000321   Thumb Code     2  startup.o(.text)
    HardFault_Handler                        0x00000323   Thumb Code     2  startup.o(.text)
    MemManage_Handler                        0x00000325   Thumb Code     2  startup.o(.text)
    BusFault_Handler                         0x00000327   Thumb Code     2  startup.o(.text)
    UsageFault_Handler                       0x00000329   Thumb Code     2  startup.o(.text)
    SVC_Handler                              0x0000032b   Thumb Code     2  startup.o(.text)
    DebugMon_Handler                         0x0000032d   Thumb Code     2  startup.o(.text)
    PendSV_Handler                           0x0000032f   Thumb Code     2  startup.o(.text)
    SysTick_Handler                          0x00000331   Thumb Code     2  startup.o(.text)
    ADC0SS0_Handler                          0x00000333   Thumb Code     0  startup.o(.text)
    ADC0SS1_Handler                          0x00000333   Thumb Code     0  startup.o(.text)
    ADC0SS2_Handler                          0x00000333   Thumb Code     0  startup.o(.text)
    ADC0SS3_Handler                          0x00000333   Thumb Code     0  startup.o(.text)
    ADC1SS0_Handler                          0x00000333   Thumb Code     0  startup.o(.text)
    ADC1SS1_Handler                          0x00000333   Thumb Code     0  startup.o(.text)
    ADC1SS2_Handler                          0x00000333   Thumb Code     0  startup.o(.text)
    ADC1SS3_Handler                          0x00000333   Thumb Code     0  startup.o(.text)
    CAN0_Handler                             0x00000333   Thumb Code     0  startup.o(.text)
    CAN1_Handler                             0x00000333   Thumb Code     0  startup.o(.text)
    CAN2_Handler                             0x00000333   Thumb Code     0  startup.o(.text)
    COMP0_Handler                            0x00000333   Thumb Code     0  startup.o(.text)
    COMP1_Handler                            0x00000333   Thumb Code     0  startup.o(.text)
    COMP2_Handler                            0x00000333   Thumb Code     0  startup.o(.text)
    FLASH_Handler                            0x00000333   Thumb Code     0  startup.o(.text)
    FPU_Handler                              0x00000333   Thumb Code     0  startup.o(.text)
    GPIOA_Handler                            0x00000333   Thumb Code     0  startup.o(.text)
    GPIOB_Handler                            0x00000333   Thumb Code     0  startup.o(.text)
    GPIOC_Handler                            0x00000333   Thumb Code     0  startup.o(.text)
    GPIOD_Handler                            0x00000333   Thumb Code     0  startup.o(.text)
    GPIOE_Handler                            0x00000333   Thumb Code     0  startup.o(.text)
    GPIOF_Handler                            0x00000333   Thumb Code     0  startup.o(.text)
    GPIOG_Handler                            0x00000333   Thumb Code     0  startup.o(.text)
    GPIOH_Handler                            0x00000333   Thumb Code     0  startup.o(.text)
    GPIOJ_Handler                            0x00000333   Thumb Code     0  startup.o(.text)
    GPIOK_Handler                            0x00000333   Thumb Code     0  startup.o(.text)
    GPIOL_Handler                            0x00000333   Thumb Code     0  startup.o(.text)
    GPIOM_Handler                            0x00000333   Thumb Code     0  startup.o(.text)
    GPION_Handler                            0x00000333   Thumb Code     0  startup.o(.text)
    GPIOP0_Handler                           0x00000333   Thumb Code     0  startup.o(.text)
    GPIOP1_Handler                           0x00000333   Thumb Code     0  startup.o(.text)
    GPIOP2_Handler                           0x00000333   Thumb Code     0  startup.o(.text)
    GPIOP3_Handler                           0x00000333   Thumb Code     0  startup.o(.text)
    GPIOP4_Handler                           0x00000333   Thumb Code     0  startup.o(.text)
    GPIOP5_Handler                           0x00000333   Thumb Code     0  startup.o(.text)
    GPIOP6_Handler                           0x00000333   Thumb Code     0  startup.o(.text)
    GPIOP7_Handler                           0x00000333   Thumb Code     0  startup.o(.text)
    GPIOQ0_Handler                           0x00000333   Thumb Code     0  startup.o(.text)
    GPIOQ1_Handler                           0x00000333   Thumb Code     0  startup.o(.text)
    GPIOQ2_Handler                           0x00000333   Thumb Code     0  startup.o(.text)
    GPIOQ3_Handler                           0x00000333   Thumb Code     0  startup.o(.text)
    GPIOQ4_Handler                           0x00000333   Thumb Code     0  startup.o(.text)
    GPIOQ5_Handler                           0x00000333   Thumb Code     0  startup.o(.text)
    GPIOQ6_Handler                           0x00000333   Thumb Code     0  startup.o(.text)
    GPIOQ7_Handler                           0x00000333   Thumb Code     0  startup.o(.text)
    GPIOR_Handler                            0x00000333   Thumb Code     0  startup.o(.text)
    GPIOS_Handler                            0x00000333   Thumb Code     0  startup.o(.text)
    HIB_Handler                              0x00000333   Thumb Code     0  startup.o(.text)
    I2C0_Handler                             0x00000333   Thumb Code     0  startup.o(.text)
    I2C1_Handler                             0x00000333   Thumb Code     0  startup.o(.text)
    I2C2_Handler                             0x00000333   Thumb Code     0  startup.o(.text)
    I2C3_Handler                             0x00000333   Thumb Code     0  startup.o(.text)
    I2C4_Handler                             0x00000333   Thumb Code     0  startup.o(.text)
    I2C5_Handler                             0x00000333   Thumb Code     0  startup.o(.text)
    PWM0_0_Handler                           0x00000333   Thumb Code     0  startup.o(.text)
    PWM0_1_Handler                           0x00000333   Thumb Code     0  startup.o(.text)
    PWM0_2_Handler                           0x00000333   Thumb Code     0  startup.o(.text)
    PWM0_3_Handler                           0x00000333   Thumb Code     0  startup.o(.text)
    PWM0_FAULT_Handler                       0x00000333   Thumb Code     0  startup.o(.text)
    PWM1_0_Handler                           0x00000333   Thumb Code     0  startup.o(.text)
    PWM1_1_Handler                           0x00000333   Thumb Code     0  startup.o(.text)
    PWM1_2_Handler                           0x00000333   Thumb Code     0  startup.o(.text)
    PWM1_3_Handler                           0x00000333   Thumb Code     0  startup.o(.text)
    PWM1_FAULT_Handler                       0x00000333   Thumb Code     0  startup.o(.text)
    QEI0_Handler                             0x00000333   Thumb Code     0  startup.o(.text)
    QEI1_Handler                             0x00000333   Thumb Code     0  startup.o(.text)
    QEI2_Handler                             0x00000333   Thumb Code     0  startup.o(.text)
    SSI0_Handler                             0x00000333   Thumb Code     0  startup.o(.text)
    SSI1_Handler                             0x00000333   Thumb Code     0  startup.o(.text)
    SSI2_Handler                             0x00000333   Thumb Code     0  startup.o(.text)
    SSI3_Handler                             0x00000333   Thumb Code     0  startup.o(.text)
    SYSCTL_Handler                           0x00000333   Thumb Code     0  startup.o(.text)
    TIMER0A_Handler                          0x00000333   Thumb Code     0  startup.o(.text)
    TIMER0B_Handler                          0x00000333   Thumb Code     0  startup.o(.text)
    TIMER1A_Handler                          0x00000333   Thumb Code     0  startup.o(.text)
    TIMER1B_Handler                          0x00000333   Thumb Code     0  startup.o(.text)
    TIMER2A_Handler                          0x00000333   Thumb Code     0  startup.o(.text)
    TIMER2B_Handler                          0x00000333   Thumb Code     0  startup.o(.text)
    TIMER3A_Handler                          0x00000333   Thumb Code     0  startup.o(.text)
    TIMER3B_Handler                          0x00000333   Thumb Code     0  startup.o(.text)
    TIMER4A_Handler                          0x00000333   Thumb Code     0  startup.o(.text)
    TIMER4B_Handler                          0x00000333   Thumb Code     0  startup.o(.text)
    TIMER5A_Handler                          0x00000333   Thumb Code     0  startup.o(.text)
    TIMER5B_Handler                          0x00000333   Thumb Code     0  startup.o(.text)
    UART0_Handler                            0x00000333   Thumb Code     0  startup.o(.text)
    UART1_Handler                            0x00000333   Thumb Code     0  startup.o(.text)
    UART2_Handler                            0x00000333   Thumb Code     0  startup.o(.text)
    UART3_Handler                            0x00000333   Thumb Code     0  startup.o(.text)
    UART4_Handler                            0x00000333   Thumb Code     0  startup.o(.text)
    UART5_Handler                            0x00000333   Thumb Code     0  startup.o(.text)
    UART6_Handler                            0x00000333   Thumb Code     0  startup.o(.text)
    UART7_Handler                            0x00000333   Thumb Code     0  startup.o(.text)
    UDMAERR_Handler                          0x00000333   Thumb Code     0  startup.o(.text)
    UDMA_Handler                             0x00000333   Thumb Code     0  startup.o(.text)
    USB0_Handler                             0x00000333   Thumb Code     0  startup.o(.text)
    WDT0_Handler                             0x00000333   Thumb Code     0  startup.o(.text)
    WTIMER0A_Handler                         0x00000333   Thumb Code     0  startup.o(.text)
    WTIMER0B_Handler                         0x00000333   Thumb Code     0  startup.o(.text)
    WTIMER1A_Handler                         0x00000333   Thumb Code     0  startup.o(.text)
    WTIMER1B_Handler                         0x00000333   Thumb Code     0  startup.o(.text)
    WTIMER2A_Handler                         0x00000333   Thumb Code     0  startup.o(.text)
    WTIMER2B_Handler                         0x00000333   Thumb Code     0  startup.o(.text)
    WTIMER3A_Handler                         0x00000333   Thumb Code     0  startup.o(.text)
    WTIMER3B_Handler                         0x00000333   Thumb Code     0  startup.o(.text)
    WTIMER4A_Handler                         0x00000333   Thumb Code     0  startup.o(.text)
    WTIMER4B_Handler                         0x00000333   Thumb Code     0  startup.o(.text)
    WTIMER5A_Handler                         0x00000333   Thumb Code     0  startup.o(.text)
    WTIMER5B_Handler                         0x00000333   Thumb Code     0  startup.o(.text)
    DisableInterrupts                        0x00000335   Thumb Code     0  startup.o(.text)
    EnableInterrupts                         0x00000339   Thumb Code     0  startup.o(.text)
    StartCritical                            0x0000033d   Thumb Code     0  startup.o(.text)
    EndCritical                              0x00000345   Thumb Code     0  startup.o(.text)
    WaitForInterrupt                         0x0000034b   Thumb Code     0  startup.o(.text)
    __user_initial_stackheap                 0x0000034f   Thumb Code     0  startup.o(.text)
    Delay_Ms                                 0x00000365   Thumb Code    26  main.o(.text)
    WriteChar                                0x0000037f   Thumb Code    24  main.o(.text)
    Init_SetupTimer3                         0x00000397   Thumb Code   108  main.o(.text)
    Init_SetupTimer2                         0x00000403   Thumb Code   162  main.o(.text)
    Init_SysTick                             0x000004a5   Thumb Code    48  main.o(.text)
    Init_ADC                                 0x000004d5   Thumb Code   168  main.o(.text)
    Init_UART                                0x0000057d   Thumb Code   270  main.o(.text)
    Init_GPIO                                0x0000068b   Thumb Code   622  main.o(.text)
    Init_PPL                                 0x000008f9   Thumb Code   128  main.o(.text)
    main                                     0x00000979   Thumb Code  1032  main.o(.text)
    ADC_ISR                                  0x00000d81   Thumb Code    96  main.o(.text)
    WriteStack                               0x00000de1   Thumb Code    62  main.o(.text)
    UART_ISR                                 0x00000e1f   Thumb Code   358  main.o(.text)
    UART3_ISR                                0x00000f85   Thumb Code   472  main.o(.text)
    mode_ISR                                 0x0000115d   Thumb Code    50  main.o(.text)
    __use_two_region_memory                  0x000011a5   Thumb Code     2  heapauxi.o(.text)
    __rt_heap_escrow$2region                 0x000011a7   Thumb Code     2  heapauxi.o(.text)
    __rt_heap_expand$2region                 0x000011a9   Thumb Code     2  heapauxi.o(.text)
    __user_setup_stackheap                   0x000011ab   Thumb Code    74  sys_stackheap_outer.o(.text)
    exit                                     0x000011f5   Thumb Code    12  exit.o(.text)
    __user_libspace                          0x00001201   Thumb Code     8  libspace.o(.text)
    __user_perproc_libspace                  0x00001201   Thumb Code     0  libspace.o(.text)
    __user_perthread_libspace                0x00001201   Thumb Code     0  libspace.o(.text)
    _sys_exit                                0x00001209   Thumb Code     8  sys_exit.o(.text)
    __I$use$semihosting                      0x00001215   Thumb Code     0  use_no_semi.o(.text)
    __use_no_semihosting_swi                 0x00001215   Thumb Code     2  use_no_semi.o(.text)
    __semihosting_library_function           0x00001217   Thumb Code     0  indicate_semi.o(.text)
    __aeabi_dadd                             0x00001219   Thumb Code     0  daddsub_clz.o(x$fpl$dadd)
    _dadd                                    0x00001219   Thumb Code   332  daddsub_clz.o(x$fpl$dadd)
    __fpl_dcmp_Inf                           0x00001369   Thumb Code    24  dcmpi.o(x$fpl$dcmpinf)
    __aeabi_ddiv                             0x00001381   Thumb Code     0  ddiv.o(x$fpl$ddiv)
    _ddiv                                    0x00001381   Thumb Code   552  ddiv.o(x$fpl$ddiv)
    __aeabi_d2uiz                            0x00001631   Thumb Code     0  dfixu.o(x$fpl$dfixu)
    _dfixu                                   0x00001631   Thumb Code    90  dfixu.o(x$fpl$dfixu)
    __aeabi_i2d                              0x0000168b   Thumb Code     0  dflt_clz.o(x$fpl$dflt)
    _dflt                                    0x0000168b   Thumb Code    46  dflt_clz.o(x$fpl$dflt)
    __aeabi_cdcmple                          0x000016b9   Thumb Code     0  dleqf.o(x$fpl$dleqf)
    _dcmple                                  0x000016b9   Thumb Code   120  dleqf.o(x$fpl$dleqf)
    __fpl_dcmple_InfNaN                      0x0000171b   Thumb Code     0  dleqf.o(x$fpl$dleqf)
    __aeabi_dmul                             0x00001731   Thumb Code     0  dmul.o(x$fpl$dmul)
    _dmul                                    0x00001731   Thumb Code   332  dmul.o(x$fpl$dmul)
    __fpl_dnaninf                            0x00001885   Thumb Code   156  dnaninf.o(x$fpl$dnaninf)
    __fpl_dretinf                            0x00001921   Thumb Code    12  dretinf.o(x$fpl$dretinf)
    __aeabi_cdrcmple                         0x0000192d   Thumb Code     0  drleqf.o(x$fpl$drleqf)
    _drcmple                                 0x0000192d   Thumb Code   108  drleqf.o(x$fpl$drleqf)
    __aeabi_dsub                             0x00001999   Thumb Code     0  daddsub_clz.o(x$fpl$dsub)
    _dsub                                    0x00001999   Thumb Code   464  daddsub_clz.o(x$fpl$dsub)
    _fp_init                                 0x00001b6d   Thumb Code    10  fpinit.o(x$fpl$fpinit)
    __fplib_config_fpu_vfp                   0x00001b75   Thumb Code     0  fpinit.o(x$fpl$fpinit)
    __fplib_config_pureend_doubles           0x00001b75   Thumb Code     0  fpinit.o(x$fpl$fpinit)
    __I$use$fp                               0x00001b77   Thumb Code     0  usenofp.o(x$fpl$usenofp)
    Region$$Table$$Base                      0x00001b78   Number         0  anon$$obj.o(Region$$Table)
    Region$$Table$$Limit                     0x00001b98   Number         0  anon$$obj.o(Region$$Table)
    S1_VALUE                                 0x20000000   Data           4  main.o(.data)
    S2_VALUE                                 0x20000004   Data           4  main.o(.data)
    S3_VALUE                                 0x20000008   Data           4  main.o(.data)
    S4_VALUE                                 0x2000000c   Data           4  main.o(.data)
    S5_VALUE                                 0x20000010   Data           4  main.o(.data)
    mode                                     0x20000014   Data           4  main.o(.data)
    kp                                       0x20000018   Data           8  main.o(.data)
    ki                                       0x20000020   Data           8  main.o(.data)
    kd                                       0x20000028   Data           8  main.o(.data)
    tp                                       0x20000030   Data           8  main.o(.data)
    integral                                 0x20000038   Data           8  main.o(.data)
    lasterror                                0x20000040   Data           8  main.o(.data)
    derivative                               0x20000048   Data           8  main.o(.data)
    errorS1                                  0x20000050   Data           8  main.o(.data)
    errorS2                                  0x20000058   Data           8  main.o(.data)
    errorS3                                  0x20000060   Data           8  main.o(.data)
    errorS4                                  0x20000068   Data           8  main.o(.data)
    errorS5                                  0x20000070   Data           8  main.o(.data)
    totalerror                               0x20000078   Data           8  main.o(.data)
    power                                    0x20000080   Data           8  main.o(.data)
    powerA                                   0x20000088   Data           8  main.o(.data)
    powerB                                   0x20000090   Data           8  main.o(.data)
    achar                                    0x20000098   Data           4  main.o(.data)
    bchar                                    0x2000009c   Data           4  main.o(.data)
    j                                        0x200000a0   Data           4  main.o(.data)
    __libspace_start                         0x200000a4   Data          96  libspace.o(.bss)
    __temporary_stack_top$libspace           0x20000104   Data           0  libspace.o(.bss)



==============================================================================

Memory Map of the image

  Image Entry point : 0x0000030d

  Load Region LR_1 (Base: 0x00000000, Size: 0x00001c3c, Max: 0xffffffff, ABSOLUTE)

    Execution Region ER_RO (Base: 0x00000000, Size: 0x00001b98, Max: 0xffffffff, ABSOLUTE)

    Base Addr    Size         Type   Attr      Idx    E Section Name        Object

    0x00000000   0x0000026c   Code   RO            3    RESET               startup.o
    0x0000026c   0x00000008   Code   RO           35  * !!!main             c_w.l(__main.o)
    0x00000274   0x00000034   Code   RO          220    !!!scatter          c_w.l(__scatter.o)
    0x000002a8   0x0000001a   Code   RO          222    !!handler_copy      c_w.l(__scatter_copy.o)
    0x000002c2   0x00000002   PAD
    0x000002c4   0x0000001c   Code   RO          224    !!handler_zi        c_w.l(__scatter_zi.o)
    0x000002e0   0x00000006   Code   RO           95    .ARM.Collect$$libinit$$00000000  c_w.l(libinit.o)
    0x000002e6   0x00000000   Code   RO          103    .ARM.Collect$$libinit$$00000006  c_w.l(libinit2.o)
    0x000002e6   0x00000000   Code   RO          105    .ARM.Collect$$libinit$$00000008  c_w.l(libinit2.o)
    0x000002e6   0x00000000   Code   RO          107    .ARM.Collect$$libinit$$0000000A  c_w.l(libinit2.o)
    0x000002e6   0x00000000   Code   RO          110    .ARM.Collect$$libinit$$0000000D  c_w.l(libinit2.o)
    0x000002e6   0x00000000   Code   RO          112    .ARM.Collect$$libinit$$0000000F  c_w.l(libinit2.o)
    0x000002e6   0x00000000   Code   RO          114    .ARM.Collect$$libinit$$00000011  c_w.l(libinit2.o)
    0x000002e6   0x00000000   Code   RO          116    .ARM.Collect$$libinit$$00000013  c_w.l(libinit2.o)
    0x000002e6   0x00000000   Code   RO          118    .ARM.Collect$$libinit$$00000015  c_w.l(libinit2.o)
    0x000002e6   0x00000000   Code   RO          120    .ARM.Collect$$libinit$$00000017  c_w.l(libinit2.o)
    0x000002e6   0x00000000   Code   RO          122    .ARM.Collect$$libinit$$00000019  c_w.l(libinit2.o)
    0x000002e6   0x00000000   Code   RO          124    .ARM.Collect$$libinit$$0000001B  c_w.l(libinit2.o)
    0x000002e6   0x00000000   Code   RO          126    .ARM.Collect$$libinit$$0000001D  c_w.l(libinit2.o)
    0x000002e6   0x00000000   Code   RO          128    .ARM.Collect$$libinit$$0000001F  c_w.l(libinit2.o)
    0x000002e6   0x00000000   Code   RO          130    .ARM.Collect$$libinit$$00000021  c_w.l(libinit2.o)
    0x000002e6   0x00000000   Code   RO          134    .ARM.Collect$$libinit$$00000028  c_w.l(libinit2.o)
    0x000002e6   0x00000000   Code   RO          136    .ARM.Collect$$libinit$$0000002A  c_w.l(libinit2.o)
    0x000002e6   0x00000000   Code   RO          138    .ARM.Collect$$libinit$$0000002C  c_w.l(libinit2.o)
    0x000002e6   0x00000000   Code   RO          140    .ARM.Collect$$libinit$$0000002E  c_w.l(libinit2.o)
    0x000002e6   0x00000002   Code   RO          141    .ARM.Collect$$libinit$$0000002F  c_w.l(libinit2.o)
    0x000002e8   0x00000002   Code   RO          161    .ARM.Collect$$libshutdown$$00000000  c_w.l(libshutdown.o)
    0x000002ea   0x00000000   Code   RO          175    .ARM.Collect$$libshutdown$$00000003  c_w.l(libshutdown2.o)
    0x000002ea   0x00000000   Code   RO          178    .ARM.Collect$$libshutdown$$00000006  c_w.l(libshutdown2.o)
    0x000002ea   0x00000000   Code   RO          181    .ARM.Collect$$libshutdown$$00000009  c_w.l(libshutdown2.o)
    0x000002ea   0x00000000   Code   RO          183    .ARM.Collect$$libshutdown$$0000000B  c_w.l(libshutdown2.o)
    0x000002ea   0x00000000   Code   RO          186    .ARM.Collect$$libshutdown$$0000000E  c_w.l(libshutdown2.o)
    0x000002ea   0x00000002   Code   RO          187    .ARM.Collect$$libshutdown$$0000000F  c_w.l(libshutdown2.o)
    0x000002ec   0x00000000   Code   RO           63    .ARM.Collect$$rtentry$$00000000  c_w.l(rtentry.o)
    0x000002ec   0x00000000   Code   RO           72    .ARM.Collect$$rtentry$$00000002  c_w.l(rtentry2.o)
    0x000002ec   0x00000006   Code   RO           84    .ARM.Collect$$rtentry$$00000004  c_w.l(rtentry4.o)
    0x000002f2   0x00000000   Code   RO           74    .ARM.Collect$$rtentry$$00000009  c_w.l(rtentry2.o)
    0x000002f2   0x00000004   Code   RO           75    .ARM.Collect$$rtentry$$0000000A  c_w.l(rtentry2.o)
    0x000002f6   0x00000000   Code   RO           77    .ARM.Collect$$rtentry$$0000000C  c_w.l(rtentry2.o)
    0x000002f6   0x00000008   Code   RO           78    .ARM.Collect$$rtentry$$0000000D  c_w.l(rtentry2.o)
    0x000002fe   0x00000002   Code   RO           99    .ARM.Collect$$rtexit$$00000000  c_w.l(rtexit.o)
    0x00000300   0x00000000   Code   RO          145    .ARM.Collect$$rtexit$$00000002  c_w.l(rtexit2.o)
    0x00000300   0x00000004   Code   RO          146    .ARM.Collect$$rtexit$$00000003  c_w.l(rtexit2.o)
    0x00000304   0x00000006   Code   RO          147    .ARM.Collect$$rtexit$$00000004  c_w.l(rtexit2.o)
    0x0000030a   0x00000002   PAD
    0x0000030c   0x00000058   Code   RO            4  * .text               startup.o
    0x00000364   0x00000e40   Code   RO           12    .text               main.o
    0x000011a4   0x00000006   Code   RO           33    .text               c_w.l(heapauxi.o)
    0x000011aa   0x0000004a   Code   RO           86    .text               c_w.l(sys_stackheap_outer.o)
    0x000011f4   0x0000000c   Code   RO           88    .text               c_w.l(exit.o)
    0x00001200   0x00000008   Code   RO           96    .text               c_w.l(libspace.o)
    0x00001208   0x0000000c   Code   RO          153    .text               c_w.l(sys_exit.o)
    0x00001214   0x00000002   Code   RO          164    .text               c_w.l(use_no_semi.o)
    0x00001216   0x00000000   Code   RO          166    .text               c_w.l(indicate_semi.o)
    0x00001216   0x00000002   PAD
    0x00001218   0x00000150   Code   RO           37    x$fpl$dadd          fz_wm.l(daddsub_clz.o)
    0x00001368   0x00000018   Code   RO           64    x$fpl$dcmpinf       fz_wm.l(dcmpi.o)
    0x00001380   0x000002b0   Code   RO           44    x$fpl$ddiv          fz_wm.l(ddiv.o)
    0x00001630   0x0000005a   Code   RO           47    x$fpl$dfixu         fz_wm.l(dfixu.o)
    0x0000168a   0x0000002e   Code   RO           52    x$fpl$dflt          fz_wm.l(dflt_clz.o)
    0x000016b8   0x00000078   Code   RO           57    x$fpl$dleqf         fz_wm.l(dleqf.o)
    0x00001730   0x00000154   Code   RO           59    x$fpl$dmul          fz_wm.l(dmul.o)
    0x00001884   0x0000009c   Code   RO           66    x$fpl$dnaninf       fz_wm.l(dnaninf.o)
    0x00001920   0x0000000c   Code   RO           68    x$fpl$dretinf       fz_wm.l(dretinf.o)
    0x0000192c   0x0000006c   Code   RO           61    x$fpl$drleqf        fz_wm.l(drleqf.o)
    0x00001998   0x000001d4   Code   RO           39    x$fpl$dsub          fz_wm.l(daddsub_clz.o)
    0x00001b6c   0x0000000a   Code   RO          142    x$fpl$fpinit        fz_wm.l(fpinit.o)
    0x00001b76   0x00000000   Code   RO           70    x$fpl$usenofp       fz_wm.l(usenofp.o)
    0x00001b76   0x00000002   PAD
    0x00001b78   0x00000020   Data   RO          218    Region$$Table       anon$$obj.o


    Execution Region ER_RW (Base: 0x20000000, Size: 0x000000a4, Max: 0xffffffff, ABSOLUTE)

    Base Addr    Size         Type   Attr      Idx    E Section Name        Object

    0x20000000   0x000000a4   Data   RW           13    .data               main.o


    Execution Region ER_ZI (Base: 0x200000a4, Size: 0x00000464, Max: 0xffffffff, ABSOLUTE)

    Base Addr    Size         Type   Attr      Idx    E Section Name        Object

    0x200000a4   0x00000060   Zero   RW           97    .bss                c_w.l(libspace.o)
    0x20000104   0x00000004   PAD
    0x20000108   0x00000000   Zero   RW            2    HEAP                startup.o
    0x20000108   0x00000400   Zero   RW            1    STACK               startup.o


==============================================================================

Image component sizes


      Code (inc. data)   RO Data    RW Data    ZI Data      Debug   Object Name

      3648        342          0        164          0       5725   main.o
       708        632          0          0       1024        896   startup.o

    ----------------------------------------------------------------------
      4356        974         32        164       1024       6621   Object Totals
         0          0         32          0          0          0   (incl. Generated)
         0          0          0          0          0          0   (incl. Padding)

    ----------------------------------------------------------------------

      Code (inc. data)   RO Data    RW Data    ZI Data      Debug   Library Member Name

         8          0          0          0          0         68   __main.o
        52          8          0          0          0          0   __scatter.o
        26          0          0          0          0          0   __scatter_copy.o
        28          0          0          0          0          0   __scatter_zi.o
        12          0          0          0          0         72   exit.o
         6          0          0          0          0        152   heapauxi.o
         0          0          0          0          0          0   indicate_semi.o
         6          0          0          0          0          0   libinit.o
         2          0          0          0          0          0   libinit2.o
         2          0          0          0          0          0   libshutdown.o
         2          0          0          0          0          0   libshutdown2.o
         8          4          0          0         96         68   libspace.o
         0          0          0          0          0          0   rtentry.o
        12          0          0          0          0          0   rtentry2.o
         6          0          0          0          0          0   rtentry4.o
         2          0          0          0          0          0   rtexit.o
        10          0          0          0          0          0   rtexit2.o
        12          4          0          0          0         68   sys_exit.o
        74          0          0          0          0         80   sys_stackheap_outer.o
         2          0          0          0          0         68   use_no_semi.o
       804         16          0          0          0        376   daddsub_clz.o
        24          0          0          0          0        116   dcmpi.o
       688        140          0          0          0        260   ddiv.o
        90          4          0          0          0        140   dfixu.o
        46          0          0          0          0        116   dflt_clz.o
       120          4          0          0          0        140   dleqf.o
       340         12          0          0          0        152   dmul.o
       156          4          0          0          0        140   dnaninf.o
        12          0          0          0          0        116   dretinf.o
       108          0          0          0          0        128   drleqf.o
        10          0          0          0          0        116   fpinit.o
         0          0          0          0          0          0   usenofp.o

    ----------------------------------------------------------------------
      2676        196          0          0        100       2376   Library Totals
         8          0          0          0          4          0   (incl. Padding)

    ----------------------------------------------------------------------

      Code (inc. data)   RO Data    RW Data    ZI Data      Debug   Library Name

       270         16          0          0         96        576   c_w.l
      2398        180          0          0          0       1800   fz_wm.l

    ----------------------------------------------------------------------
      2676        196          0          0        100       2376   Library Totals

    ----------------------------------------------------------------------

==============================================================================


      Code (inc. data)   RO Data    RW Data    ZI Data      Debug   

      7032       1170         32        164       1124       7537   Grand Totals
      7032       1170         32        164       1124       7537   ELF Image Totals
      7032       1170         32        164          0          0   ROM Totals

==============================================================================

    Total RO  Size (Code + RO Data)                 7064 (   6.90kB)
    Total RW  Size (RW Data + ZI Data)              1288 (   1.26kB)
    Total ROM Size (Code + RO Data + RW Data)       7228 (   7.06kB)

==============================================================================

